Γû▓ Next.js 16.2.0 (Turbopack)

  Creating an optimized production build ...
Γ£ô Compiled successfully in 2.3s
  Running TypeScript ...
Failed to type check.

./src/app/business/page.tsx:137:42
Type error: Type '{ hidden: { opacity: number; y: number; }; visible: (i: number) => { opacity: number; y: number; transition: { delay: number; duration: number; ease: number[]; }; }; }' is not assignable to type 'Variants'.
  Property 'visible' is incompatible with index signature.
    Type '(i: number) => { opacity: number; y: number; transition: { delay: number; duration: number; ease: number[]; }; }' is not assignable to type 'Variant'.
      Type '(i: number) => { opacity: number; y: number; transition: { delay: number; duration: number; ease: number[]; }; }' is not assignable to type 'TargetResolver'.
        Type '{ opacity: number; y: number; transition: { delay: number; duration: number; ease: number[]; }; }' is not assignable to type 'string | TargetAndTransition'.
          Type '{ opacity: number; y: number; transition: { delay: number; duration: number; ease: number[]; }; }' is not assignable to type 'TargetAndTransition'.
            Type '{ opacity: number; y: number; transition: { delay: number; duration: number; ease: number[]; }; }' is not assignable to type '{ transition?: Transition<any> | undefined; transitionEnd?: ResolvedValues$1 | undefined; }'.
              Types of property 'transition' are incompatible.
                Type '{ delay: number; duration: number; ease: number[]; }' is not assignable to type 'Transition<any> | undefined'.
                  Type '{ delay: number; duration: number; ease: number[]; }' is not assignable to type 'TransitionWithValueOverrides<any>'.
                    Type '{ delay: number; duration: number; ease: number[]; }' is not assignable to type 'ValueAnimationTransition<any>'.
                      Types of property 'ease' are incompatible.
                        Type 'number[]' is not assignable to type 'Easing | Easing[] | undefined'.
                          Type 'number[]' is not assignable to type 'EasingFunction | Easing[]'.
                            Type 'number[]' is not assignable to type 'Easing[]'.
                              Type 'number' is not assignable to type 'Easing'.

  135 |             { label: 'Partner Venues', value: '500+', icon: '≡ƒÅ¬' },
  136 |           ].map((stat, i) => (
> 137 |             <motion.div key={stat.label} variants={fadeUp} custom={i}
      |                                          ^
  138 |               className="glass-card p-5 text-center"
  139 |             >
  140 |               <div className="text-2xl mb-2">{stat.icon}</div>
Next.js build worker exited with code: 1 and signal: null
